INFO    -  Building documentation...
INFO    -  Cleaning site directory
WARNING -  Doc file 'zkEVM/architecture/index.md' contains a relative link '../protocol/submit-transaction.md', but the target 'zkEVM/protocol/submit-transaction.md' is not found among documentation files.
WARNING -  Doc file 'zkEVM/architecture/protocol/admin-role.md' contains a relative link 'zkevm-upgrades-process.md', but the target 'zkEVM/architecture/protocol/zkevm-upgrades-process.md' is not found among documentation files.
WARNING -  Doc file 'zkEVM/architecture/protocol/admin-role.md' contains a relative link 'emergency-state.md', but the target 'zkEVM/architecture/protocol/emergency-state.md' is not found among documentation files.
WARNING -  Doc file 'zkEVM/architecture/protocol/lxly-bridge.md' contains a relative link 'flow-of-assets.md', but the target 'zkEVM/architecture/protocol/flow-of-assets.md' is not found among documentation files.
WARNING -  Doc file 'zkEVM/architecture/protocol/security-council.md' contains a relative link 'emergency-state.md', but the target 'zkEVM/architecture/protocol/emergency-state.md' is not found among documentation files.
WARNING -  Doc file 'zkEVM/architecture/protocol/transaction-life-cycle/transaction-execution.md' contains a relative link 'emergency-state.md', but the target 'zkEVM/architecture/protocol/transaction-life-cycle/emergency-state.md' is not found among documentation files.
WARNING -  Doc file 'zkEVM/architecture/protocol/zkevm-bridge/flow-of-assets.md' contains a relative link '../architecture/index.md', but the target 'zkEVM/architecture/protocol/architecture/index.md' is not found among documentation files.
WARNING -  Doc file 'zkEVM/architecture/zknode/index.md' contains a relative link '../../setup-local-node.md', but the target 'zkEVM/setup-local-node.md' is not found among documentation files.
WARNING -  Doc file 'zkEVM/architecture/zknode/index.md' contains a relative link '../../setup-production-node.md', but the target 'zkEVM/setup-production-node.md' is not found among documentation files.
WARNING -  Doc file 'zkEVM/architecture/zkprover/main-state-machine/index.md' contains a relative link 'intro-stark-recursion.md', but the target 'zkEVM/architecture/zkprover/main-state-machine/intro-stark-recursion.md' is not found among documentation files.
WARNING -  Doc file 'zkEVM/architecture/zkprover/main-state-machine/index.md' contains a relative link 'mem-align-sm.md', but the target 'zkEVM/architecture/zkprover/main-state-machine/mem-align-sm.md' is not found among documentation files.
WARNING -  Doc file 'zkEVM/architecture/zkprover/main-state-machine/index.md' contains a relative link 'mem-align-sm.md', but the target 'zkEVM/architecture/zkprover/main-state-machine/mem-align-sm.md' is not found among documentation files.
WARNING -  Doc file 'zkEVM/architecture/zkprover/main-state-machine/processor.md' contains a relative link 'keccak-framework.md', but the target 'zkEVM/architecture/zkprover/main-state-machine/keccak-framework.md' is not found among documentation files.
WARNING -  Doc file 'zkEVM/architecture/zkprover/main-state-machine/processor.md' contains a relative link 'paddingkk-bit-sm.md', but the target 'zkEVM/architecture/zkprover/main-state-machine/paddingkk-bit-sm.md' is not found among documentation files.
WARNING -  Doc file 'zkEVM/architecture/zkprover/main-state-machine/processor.md' contains a relative link '../../../img/zkEVM/03msm-state-transition-gen-regs.png', but the target 'zkEVM/img/zkEVM/03msm-state-transition-gen-regs.png' is not found among documentation files.
WARNING -  Doc file 'zkEVM/architecture/zkprover/main-state-machine/processor.md' contains a relative link '../../../img/zkEVM/04msm-simple-state-transition.png', but the target 'zkEVM/img/zkEVM/04msm-simple-state-transition.png' is not found among documentation files.
WARNING -  Doc file 'zkEVM/architecture/zkprover/main-state-machine/processor.md' contains a relative link '../../../img/zkEVM/05msm-addr-reg-contexts.png', but the target 'zkEVM/img/zkEVM/05msm-addr-reg-contexts.png' is not found among documentation files.
WARNING -  Doc file 'zkEVM/architecture/zkprover/main-state-machine/processor.md' contains a relative link 'binary-sm.md', but the target 'zkEVM/architecture/zkprover/main-state-machine/binary-sm.md' is not found among documentation files.
WARNING -  Doc file 'zkEVM/architecture/zkprover/stark-recursion/index.md' contains a relative link '../../concepts/mfibonacci/commitment-scheme.md', but the target 'zkEVM/architecture/concepts/mfibonacci/commitment-scheme.md' is not found among documentation files.
WARNING -  Doc file 'zkEVM/architecture/zkprover/stark-recursion/proof-generation-phase.md' contains a relative link '../../concepts/mfibonacci/pil-stark.md', but the target 'zkEVM/architecture/concepts/mfibonacci/pil-stark.md' is not found among documentation files.
WARNING -  Doc file 'zkEVM/architecture/zkprover/stark-recursion/proving-architecture.md' contains a relative link '../../protocol/zkevm-bridge.md', but the target 'zkEVM/architecture/protocol/zkevm-bridge.md' is not found among documentation files.
WARNING -  Doc file 'zkEVM/architecture/zkprover/stark-recursion/proving-tools.md' contains a relative link '../../concepts/mfibonacci/pil-stark.md', but the target 'zkEVM/architecture/concepts/mfibonacci/pil-stark.md' is not found among documentation files.
WARNING -  Doc file 'zkEVM/architecture/zkprover/stark-recursion/recursion-sub-process.md' contains a relative link 'poseidon-sm.md', but the target 'zkEVM/architecture/zkprover/stark-recursion/poseidon-sm.md' is not found among documentation files.
WARNING -  Doc file 'zkEVM/architecture/zkprover/stark-recursion/recursion-sub-process.md' contains a relative link 'stark-recursion-detail.md', but the target 'zkEVM/architecture/zkprover/stark-recursion/stark-recursion-detail.md' is not found among documentation files.
WARNING -  Doc file 'zkEVM/architecture/zkprover/storage-state-machine/index.md' contains a relative link '../../concepts/mfibonacci/mfibonacci.md', but the target 'zkEVM/architecture/concepts/mfibonacci/mfibonacci.md' is not found among documentation files.
WARNING -  Doc file 'zkEVM/concepts/evm-basics.md' contains a relative link '../protocol/zkevm-bridge.md', but the target 'zkEVM/protocol/zkevm-bridge.md' is not found among documentation files.
WARNING -  Doc file 'zkEVM/get-started/deploy-zkevm/index.md' contains a relative link 'setup-goerlinode.md', but the target 'zkEVM/get-started/deploy-zkevm/setup-goerlinode.md' is not found among documentation files.
WARNING -  Doc file 'zkEVM/get-started/setup-nodes/production-node.md' contains a relative link 'setup-local-node.md', but the target 'zkEVM/get-started/setup-nodes/setup-local-node.md' is not found among documentation files.
WARNING -  Doc file 'zkEVM/how-to/using-foundry.md' contains a relative link 'connect-wallet.md', but the target 'zkEVM/how-to/connect-wallet.md' is not found among documentation files.

Aborted with 29 warnings in strict mode!
